[{"stream_name":"stdout","time":5.15432357,"data":"     ━━━━━━━━━━━━━━━━━━━━━━━━━━━━━━━━━━━━━━━━ 15.8/15.8 MB 74.6 MB/s eta 0:00:00\n"}
,{"stream_name":"stdout","time":201.904147784,"data":"     ━━━━━━━━━━━━━━━━━━━━━━━━━━━━━━━━━━━━━━━━ 63.1/63.1 kB 3.2 MB/s eta 0:00:00\n"}
,{"stream_name":"stdout","time":202.493047859,"data":"   ━━━━━━━━━━━━━━━━━━━━━━━━━━━━━━━━━━━━━━━━ 1.1/1.1 MB 46.3 MB/s eta 0:00:00\n"}
,{"stream_name":"stdout","time":202.525805289,"data":"   ━━━━━━━━━━━━━━━━━━━━━━━━━━━━━━━━━━━━━━━━ 78.8/78.8 kB 4.4 MB/s eta 0:00:00\n"}
,{"stream_name":"stderr","time":209.18436344,"data":"ERROR: pip's dependency resolver does not currently take into account all the packages that are installed. This behaviour is the source of the following dependency conflicts.\n"}
,{"stream_name":"stderr","time":209.184390404,"data":"bigframes 2.48.0 requires google-cloud-bigquery-storage\u003c3.0.0,\u003e=2.30.0, which is not installed.\n"}
,{"stream_name":"stderr","time":209.184396479,"data":"opencv-python-headless 4.14.0.94 requires numpy\u003e=2; python_version \u003e= \"3.9\", but you have numpy 1.26.4 which is incompatible.\n"}
,{"stream_name":"stderr","time":209.184403028,"data":"kaggle-environments 1.27.3 requires numpy\u003e=2.0, but you have numpy 1.26.4 which is incompatible.\n"}
,{"stream_name":"stderr","time":209.184410222,"data":"mne 1.13.2 requires numpy\u003c3,\u003e=2.1, but you have numpy 1.26.4 which is incompatible.\n"}
,{"stream_name":"stderr","time":209.18441349,"data":"opencv-python 4.14.0.94 requires numpy\u003e=2; python_version \u003e= \"3.9\", but you have numpy 1.26.4 which is incompatible.\n"}
,{"stream_name":"stderr","time":209.184416706,"data":"bayesian-optimization 3.3.0 requires numpy\u003e=2.1.3; python_full_version \u003e= \"3.13\", but you have numpy 1.26.4 which is incompatible.\n"}
,{"stream_name":"stderr","time":209.184419961,"data":"cesium 0.12.4 requires numpy\u003c3.0,\u003e=2.0, but you have numpy 1.26.4 which is incompatible.\n"}
,{"stream_name":"stderr","time":209.184423094,"data":"google-colab 1.0.0 requires jupyter-server==2.20.0, but you have jupyter-server 2.12.5 which is incompatible.\n"}
,{"stream_name":"stderr","time":209.184426085,"data":"google-colab 1.0.0 requires pandas==2.2.3, but you have pandas 2.3.3 which is incompatible.\n"}
,{"stream_name":"stderr","time":209.184428936,"data":"google-colab 1.0.0 requires requests==2.32.4, but you have requests 2.34.2 which is incompatible.\n"}
,{"stream_name":"stderr","time":209.184431856,"data":"dopamine-rl 4.1.2 requires gym\u003c=0.25.2, but you have gym 0.26.2 which is incompatible.\n"}
,{"stream_name":"stderr","time":209.184434836,"data":"cupy-cuda12x 14.0.1 requires numpy\u003c2.6,\u003e=2.0, but you have numpy 1.26.4 which is incompatible.\n"}
,{"stream_name":"stderr","time":209.184437818,"data":"moviepy 1.0.3 requires decorator\u003c5.0,\u003e=4.0.2, but you have decorator 5.3.1 which is incompatible.\n"}
,{"stream_name":"stderr","time":209.184440829,"data":"ml-dtypes 0.6.0 requires numpy\u003e=2.0.0, but you have numpy 1.26.4 which is incompatible.\n"}
,{"stream_name":"stderr","time":209.18444376,"data":"ml-dtypes 0.6.0 requires numpy\u003e=2.1.0; python_version \u003e= \"3.13\", but you have numpy 1.26.4 which is incompatible.\n"}
,{"stream_name":"stderr","time":209.184446825,"data":"tobler 0.14.0 requires numpy\u003e=2.0, but you have numpy 1.26.4 which is incompatible.\n"}
,{"stream_name":"stderr","time":209.18444972,"data":"jax 0.11.1 requires numpy\u003e=2.1, but you have numpy 1.26.4 which is incompatible.\n"}
,{"stream_name":"stderr","time":209.184461532,"data":"opencv-contrib-python 4.14.0.94 requires numpy\u003e=2; python_version \u003e= \"3.9\", but you have numpy 1.26.4 which is incompatible.\n"}
,{"stream_name":"stderr","time":209.184465216,"data":"dm-tree 0.1.10 requires numpy\u003e=2.1.0; python_version \u003e= \"3.13\", but you have numpy 1.26.4 which is incompatible.\n"}
,{"stream_name":"stderr","time":209.184467677,"data":"jaxlib 0.11.1 requires numpy\u003e=2.0, but you have numpy 1.26.4 which is incompatible.\n"}
,{"stream_name":"stderr","time":209.184469938,"data":"xarray-einstats 0.11.0 requires numpy\u003e=2.0, but you have numpy 1.26.4 which is incompatible.\n"}
,{"stream_name":"stderr","time":209.184472241,"data":"tifffile 2026.8.23 requires numpy\u003e=2.1, but you have numpy 1.26.4 which is incompatible.\n"}
,{"stream_name":"stderr","time":209.184474586,"data":"pytensor 2.38.3 requires numpy\u003e=2.0, but you have numpy 1.26.4 which is incompatible.\n"}
,{"stream_name":"stderr","time":209.184476839,"data":"shap 0.52.0 requires numpy\u003e=2, but you have numpy 1.26.4 which is incompatible.\n"}
,{"stream_name":"stderr","time":209.184479202,"data":"rasterio 1.5.1 requires numpy\u003e=2, but you have numpy 1.26.4 which is incompatible.\n"}
,{"stream_name":"stderr","time":466.174885099,"data":"/usr/local/lib/python3.13/dist-packages/mistune.py:435: SyntaxWarning: invalid escape sequence '\\|'\n"}
,{"stream_name":"stderr","time":466.174921075,"data":"  cells[i][c] = re.sub('\\\\\\\\\\|', '|', cell)\n"}
,{"stream_name":"stderr","time":466.424011047,"data":"/usr/local/lib/python3.13/dist-packages/nbconvert/filters/filter_links.py:36: SyntaxWarning: invalid escape sequence '\\_'\n"}
,{"stream_name":"stderr","time":466.424055233,"data":"  text = re.sub(r'_', '\\_', text) # Escape underscores in display text\n"}
,{"stream_name":"stderr","time":467.149989309,"data":"[NbConvertApp] Converting notebook __script__.ipynb to html\n"}
,{"stream_name":"stderr","time":468.1379757,"data":"[NbConvertApp] Writing 313784 bytes to __results__.html\n"}
]