[{"stream_name":"stdout","time":4.563261511,"data":"     ━━━━━━━━━━━━━━━━━━━━━━━━━━━━━━━━━━━━━━━━ 15.8/15.8 MB 90.8 MB/s eta 0:00:00\n"}
,{"stream_name":"stdout","time":195.872513201,"data":"     ━━━━━━━━━━━━━━━━━━━━━━━━━━━━━━━━━━━━━━━━ 63.1/63.1 kB 3.1 MB/s eta 0:00:00\n"}
,{"stream_name":"stdout","time":196.414235813,"data":"   ━━━━━━━━━━━━━━━━━━━━━━━━━━━━━━━━━━━━━━━━ 1.1/1.1 MB 49.7 MB/s eta 0:00:00\n"}
,{"stream_name":"stdout","time":196.435967712,"data":"   ━━━━━━━━━━━━━━━━━━━━━━━━━━━━━━━━━━━━━━━━ 78.8/78.8 kB 4.7 MB/s eta 0:00:00\n"}
,{"stream_name":"stderr","time":202.809287884,"data":"ERROR: pip's dependency resolver does not currently take into account all the packages that are installed. This behaviour is the source of the following dependency conflicts.\n"}
,{"stream_name":"stderr","time":202.809309028,"data":"bigframes 2.48.0 requires google-cloud-bigquery-storage\u003c3.0.0,\u003e=2.30.0, which is not installed.\n"}
,{"stream_name":"stderr","time":202.809313311,"data":"opencv-python-headless 4.14.0.94 requires numpy\u003e=2; python_version \u003e= \"3.9\", but you have numpy 1.26.4 which is incompatible.\n"}
,{"stream_name":"stderr","time":202.809316739,"data":"kaggle-environments 1.27.3 requires numpy\u003e=2.0, but you have numpy 1.26.4 which is incompatible.\n"}
,{"stream_name":"stderr","time":202.809319748,"data":"mne 1.13.2 requires numpy\u003c3,\u003e=2.1, but you have numpy 1.26.4 which is incompatible.\n"}
,{"stream_name":"stderr","time":202.809322681,"data":"opencv-python 4.14.0.94 requires numpy\u003e=2; python_version \u003e= \"3.9\", but you have numpy 1.26.4 which is incompatible.\n"}
,{"stream_name":"stderr","time":202.809325775,"data":"bayesian-optimization 3.3.0 requires numpy\u003e=2.1.3; python_full_version \u003e= \"3.13\", but you have numpy 1.26.4 which is incompatible.\n"}
,{"stream_name":"stderr","time":202.809328836,"data":"cesium 0.12.4 requires numpy\u003c3.0,\u003e=2.0, but you have numpy 1.26.4 which is incompatible.\n"}
,{"stream_name":"stderr","time":202.809331743,"data":"google-colab 1.0.0 requires jupyter-server==2.20.0, but you have jupyter-server 2.12.5 which is incompatible.\n"}
,{"stream_name":"stderr","time":202.809334598,"data":"google-colab 1.0.0 requires pandas==2.2.3, but you have pandas 2.3.3 which is incompatible.\n"}
,{"stream_name":"stderr","time":202.809337477,"data":"google-colab 1.0.0 requires requests==2.32.4, but you have requests 2.34.2 which is incompatible.\n"}
,{"stream_name":"stderr","time":202.809340325,"data":"dopamine-rl 4.1.2 requires gym\u003c=0.25.2, but you have gym 0.26.2 which is incompatible.\n"}
,{"stream_name":"stderr","time":202.809343134,"data":"cupy-cuda12x 14.0.1 requires numpy\u003c2.6,\u003e=2.0, but you have numpy 1.26.4 which is incompatible.\n"}
,{"stream_name":"stderr","time":202.809346033,"data":"moviepy 1.0.3 requires decorator\u003c5.0,\u003e=4.0.2, but you have decorator 5.3.1 which is incompatible.\n"}
,{"stream_name":"stderr","time":202.809348961,"data":"ml-dtypes 0.6.0 requires numpy\u003e=2.0.0, but you have numpy 1.26.4 which is incompatible.\n"}
,{"stream_name":"stderr","time":202.809351891,"data":"ml-dtypes 0.6.0 requires numpy\u003e=2.1.0; python_version \u003e= \"3.13\", but you have numpy 1.26.4 which is incompatible.\n"}
,{"stream_name":"stderr","time":202.809354842,"data":"tobler 0.14.0 requires numpy\u003e=2.0, but you have numpy 1.26.4 which is incompatible.\n"}
,{"stream_name":"stderr","time":202.809357655,"data":"jax 0.11.1 requires numpy\u003e=2.1, but you have numpy 1.26.4 which is incompatible.\n"}
,{"stream_name":"stderr","time":202.809368084,"data":"opencv-contrib-python 4.14.0.94 requires numpy\u003e=2; python_version \u003e= \"3.9\", but you have numpy 1.26.4 which is incompatible.\n"}
,{"stream_name":"stderr","time":202.809371593,"data":"dm-tree 0.1.10 requires numpy\u003e=2.1.0; python_version \u003e= \"3.13\", but you have numpy 1.26.4 which is incompatible.\n"}
,{"stream_name":"stderr","time":202.809373943,"data":"jaxlib 0.11.1 requires numpy\u003e=2.0, but you have numpy 1.26.4 which is incompatible.\n"}
,{"stream_name":"stderr","time":202.809376137,"data":"xarray-einstats 0.11.0 requires numpy\u003e=2.0, but you have numpy 1.26.4 which is incompatible.\n"}
,{"stream_name":"stderr","time":202.809378382,"data":"tifffile 2026.8.23 requires numpy\u003e=2.1, but you have numpy 1.26.4 which is incompatible.\n"}
,{"stream_name":"stderr","time":202.809380599,"data":"pytensor 2.38.3 requires numpy\u003e=2.0, but you have numpy 1.26.4 which is incompatible.\n"}
,{"stream_name":"stderr","time":202.809382799,"data":"shap 0.52.0 requires numpy\u003e=2, but you have numpy 1.26.4 which is incompatible.\n"}
,{"stream_name":"stderr","time":202.80938502,"data":"rasterio 1.5.1 requires numpy\u003e=2, but you have numpy 1.26.4 which is incompatible.\n"}
,{"stream_name":"stderr","time":6151.278370342,"data":"Traceback (most recent call last):\n"}
,{"stream_name":"stderr","time":6151.279886512,"data":"  File \"/kaggle/src/script.py\", line 64, in \u003cmodule\u003e\n"}
,{"stream_name":"stderr","time":6151.279908976,"data":"    main()\n"}
,{"stream_name":"stderr","time":6151.279938406,"data":"    ~~~~^^\n"}
,{"stream_name":"stderr","time":6151.279943807,"data":"  File \"/kaggle/src/script.py\", line 59, in main\n"}
,{"stream_name":"stderr","time":6151.279948552,"data":"    run_two_phase_pair(source_root=source, package_dir=package, input_root=mounted,\n"}
,{"stream_name":"stderr","time":6151.279953688,"data":"    ~~~~~~~~~~~~~~~~~~^^^^^^^^^^^^^^^^^^^^^^^^^^^^^^^^^^^^^^^^^^^^^^^^^^^^^^^^^^^^^\n"}
,{"stream_name":"stderr","time":6151.279958674,"data":"                       launch_path=launch, output=Path(\"/kaggle/working/experiment\"))\n"}
,{"stream_name":"stderr","time":6151.279963944,"data":"                       ^^^^^^^^^^^^^^^^^^^^^^^^^^^^^^^^^^^^^^^^^^^^^^^^^^^^^^^^^^^^^^\n"}
,{"stream_name":"stderr","time":6151.279968813,"data":"  File \"/kaggle/temp/molgap-workflow/source/src/molgap/kaggle_pair_runtime.py\", line 69, in run_two_phase_pair\n"}
,{"stream_name":"stderr","time":6151.279973382,"data":"    raise RuntimeError(f\"Arm failed during {phase}; retained logs identify the blocker\")\n"}
,{"stream_name":"stderr","time":6151.279977797,"data":"RuntimeError: Arm failed during train; retained logs identify the blocker\n"}
,{"stream_name":"stderr","time":6153.296847454,"data":"/usr/local/lib/python3.13/dist-packages/mistune.py:435: SyntaxWarning: invalid escape sequence '\\|'\n"}
,{"stream_name":"stderr","time":6153.296875194,"data":"  cells[i][c] = re.sub('\\\\\\\\\\|', '|', cell)\n"}
,{"stream_name":"stderr","time":6153.542266426,"data":"/usr/local/lib/python3.13/dist-packages/nbconvert/filters/filter_links.py:36: SyntaxWarning: invalid escape sequence '\\_'\n"}
,{"stream_name":"stderr","time":6153.542285109,"data":"  text = re.sub(r'_', '\\_', text) # Escape underscores in display text\n"}
,{"stream_name":"stderr","time":6154.297578686,"data":"[NbConvertApp] Converting notebook __script__.ipynb to html\n"}
,{"stream_name":"stderr","time":6155.269684473,"data":"[NbConvertApp] Writing 285489 bytes to __results__.html\n"}
]